// Jest Snapshot v1, https://goo.gl/fbAQLP

exports[`BasicModal renders a closed modal 1`] = `
<dialog>
  <button
    aria-hidden="true"
    aria-label="Close"
    class="sc-17d31410-0 jtpurn"
  >
    <svg
      aria-hidden="true"
      focusable="false"
      viewBox="0 0 44 44"
    >
      <path
        d="M0.549989 4.44999L4.44999 0.549988L43.45 39.55L39.55 43.45L0.549989 4.44999Z"
      />
      <path
        d="M39.55 0.549988L43.45 4.44999L4.44999 43.45L0.549988 39.55L39.55 0.549988Z"
      />
    </svg>
  </button>
  <section>
    contents
  </section>
</dialog>
`;

exports[`BasicModal renders an open modal 1`] = `
<dialog>
  <button
    aria-hidden="true"
    aria-label="Close"
    class="sc-17d31410-0 jtpurn"
  >
    <svg
      aria-hidden="true"
      focusable="false"
      viewBox="0 0 44 44"
    >
      <path
        d="M0.549989 4.44999L4.44999 0.549988L43.45 39.55L39.55 43.45L0.549989 4.44999Z"
      />
      <path
        d="M39.55 0.549988L43.45 4.44999L4.44999 43.45L0.549988 39.55L39.55 0.549988Z"
      />
    </svg>
  </button>
  <section>
    contents
  </section>
</dialog>
`;
